> use the backup branch instead
  routing: deterministic…

> use the backup branch instead
  routing: synonyms…

> use the backup branch instead
  routing: slot-parser…

> use the backup branch instead
  routing: cache…

> use the backup branch instead
  routing: LLM…

> use the backup branch instead
  → in-room: pick_branch   (LLM · 0.84)   slots: {branch: "backup"}
